// Jest Snapshot v1, https://goo.gl/fbAQLP

exports[`Webhook router singleUserHandler() should ignore sticker messages 1`] = `Array []`;

exports[`Webhook router singleUserHandler() should ignore sticker messages 2`] = `Array []`;
