// Jest Snapshot v1, https://goo.gl/fbAQLP

exports[`createGreetingMessage() 1`] = `
Object {
  "altText": "This is a chatbot that looks up suspicious forwarded messages for you. Here is how to use me:",
  "contents": Object {
    "contents": Array [
      Object {
        "body": Object {
          "contents": Array [
            Object {
              "aspectMode": "cover",
              "aspectRatio": "1:1",
              "gravity": "top",
              "size": "full",
              "type": "image",
              "url": "https://testlinebot.cofacts/static/img/greeting.png?cachebust=20201105",
            },
            Object {
              "contents": Array [
                Object {
                  "size": "lg",
                  "text": "This is a chatbot that looks up suspicious forwarded messages for you. Here is how to use me:",
                  "type": "text",
                  "weight": "bold",
                  "wrap": true,
                },
              ],
              "flex": 1,
              "justifyContent": "center",
              "layout": "vertical",
              "offsetBottom": "0px",
              "offsetEnd": "0px",
              "offsetStart": "0px",
              "paddingAll": "20px",
              "paddingTop": "18px",
              "position": "relative",
              "type": "box",
            },
          ],
          "layout": "vertical",
          "paddingAll": "0px",
          "type": "box",
        },
        "type": "bubble",
      },
    ],
    "type": "carousel",
  },
  "type": "flex",
}
`;

exports[`createTutorialMessage() 1`] = `
Object {
  "altText": "1. When receiving a message from elsewhere
2. Long press and share
3. Select Cofacts to share
4. Cofacts replies with a crowd-sourced fact-check or chatbot replies",
  "contents": Object {
    "contents": Array [
      Object {
        "body": Object {
          "contents": Array [
            Object {
              "aspectMode": "cover",
              "aspectRatio": "1:1",
              "gravity": "top",
              "size": "full",
              "type": "image",
              "url": "https://testlinebot.cofacts/static/img/tutorial1.png?cachebust=20201105",
            },
            Object {
              "contents": Array [
                Object {
                  "size": "lg",
                  "text": "1. When receiving a message from elsewhere",
                  "type": "text",
                  "weight": "bold",
                  "wrap": true,
                },
              ],
              "flex": 1,
              "justifyContent": "center",
              "layout": "vertical",
              "offsetBottom": "0px",
              "offsetEnd": "0px",
              "offsetStart": "0px",
              "paddingAll": "20px",
              "paddingTop": "18px",
              "position": "relative",
              "type": "box",
            },
          ],
          "layout": "vertical",
          "paddingAll": "0px",
          "type": "box",
        },
        "type": "bubble",
      },
      Object {
        "body": Object {
          "contents": Array [
            Object {
              "aspectMode": "cover",
              "aspectRatio": "1:1",
              "gravity": "top",
              "size": "full",
              "type": "image",
              "url": "https://testlinebot.cofacts/static/img/tutorial2.png?cachebust=20201105",
            },
            Object {
              "contents": Array [
                Object {
                  "size": "lg",
                  "text": "2. Long press and share",
                  "type": "text",
                  "weight": "bold",
                  "wrap": true,
                },
              ],
              "flex": 1,
              "justifyContent": "center",
              "layout": "vertical",
              "offsetBottom": "0px",
              "offsetEnd": "0px",
              "offsetStart": "0px",
              "paddingAll": "20px",
              "paddingTop": "18px",
              "position": "relative",
              "type": "box",
            },
          ],
          "layout": "vertical",
          "paddingAll": "0px",
          "type": "box",
        },
        "type": "bubble",
      },
      Object {
        "body": Object {
          "contents": Array [
            Object {
              "aspectMode": "cover",
              "aspectRatio": "1:1",
              "gravity": "top",
              "size": "full",
              "type": "image",
              "url": "https://testlinebot.cofacts/static/img/tutorial3.png?cachebust=20201105",
            },
            Object {
              "contents": Array [
                Object {
                  "size": "lg",
                  "text": "3. Select Cofacts to share",
                  "type": "text",
                  "weight": "bold",
                  "wrap": true,
                },
              ],
              "flex": 1,
              "justifyContent": "center",
              "layout": "vertical",
              "offsetBottom": "0px",
              "offsetEnd": "0px",
              "offsetStart": "0px",
              "paddingAll": "20px",
              "paddingTop": "18px",
              "position": "relative",
              "type": "box",
            },
          ],
          "layout": "vertical",
          "paddingAll": "0px",
          "type": "box",
        },
        "type": "bubble",
      },
      Object {
        "body": Object {
          "contents": Array [
            Object {
              "aspectMode": "cover",
              "aspectRatio": "1:1",
              "gravity": "top",
              "size": "full",
              "type": "image",
              "url": "https://testlinebot.cofacts/static/img/tutorial4.png?cachebust=20201105",
            },
            Object {
              "contents": Array [
                Object {
                  "size": "lg",
                  "text": "4. Cofacts replies with a crowd-sourced fact-check or chatbot replies",
                  "type": "text",
                  "weight": "bold",
                  "wrap": true,
                },
              ],
              "flex": 1,
              "justifyContent": "center",
              "layout": "vertical",
              "offsetBottom": "0px",
              "offsetEnd": "0px",
              "offsetStart": "0px",
              "paddingAll": "20px",
              "paddingTop": "18px",
              "position": "relative",
              "type": "box",
            },
          ],
          "layout": "vertical",
          "paddingAll": "0px",
          "type": "box",
        },
        "type": "bubble",
      },
      Object {
        "body": Object {
          "contents": Array [
            Object {
              "size": "lg",
              "text": "Wanna try it out? Just forward a message to me!",
              "type": "text",
              "weight": "bold",
              "wrap": true,
            },
          ],
          "layout": "vertical",
          "type": "box",
        },
        "footer": Object {
          "contents": Array [
            Object {
              "action": Object {
                "data": "{\\"input\\":\\"Simulates forwarding a message\\",\\"sessionId\\":1497994017447,\\"state\\":\\"TUTORIAL\\"}",
                "displayText": "Âè™Ë¶ÅÊØèÂ§©Êó©‰∏ä‰∏ÄÊùØÂú∞ÁìúËëâÁâõÂ•∂„ÄÇ‰∏çÂÉÖÊúâÊïàÈôç‰Ωé‰∏âÈ´òÔºåÁîöËá≥ÈÄ£ÁóõÈ¢®‰πüÊ≤í‰∫ÜÔºõÊ≠§Â§ñÔºåÂú∞ÁìúËëâÁâõÂ•∂ÁöÑ‰ΩúÊ≥ï‰πüÂæàÁ∞°ÂñÆÔºåÂè™Ë¶ÅÂÖàÂ∞áÂú∞ÁìúËëâÂ∑ùÁáôÈÅéÂæåÔºåÂÜçÂä†ÂÖ•ÈÆÆÂ•∂ÊâìÊàêÊ±ÅÂç≥ÂèØ„ÄÇ",
                "label": "Simulates forwarding a message",
                "type": "postback",
              },
              "color": "#ffb600",
              "style": "primary",
              "type": "button",
            },
          ],
          "layout": "horizontal",
          "type": "box",
        },
        "type": "bubble",
      },
    ],
    "type": "carousel",
  },
  "type": "flex",
}
`;

exports[`should handle EXPLAN_CHATBOT_FLOW_AND_PROVIDE_PERMISSION_SETUP 1`] = `
Object {
  "data": Object {
    "searchedText": "",
    "sessionId": 1497994017447,
  },
  "replies": Array [
    Object {
      "text": "‚¨ÜÔ∏è What you see above is a simulation of what you may see after you forward a message to Cofacts.

üìö Cofacts has a database of hoax messages and replies.

üì≤ When you send a message to me, I look up the message in our database and return the results I found.

üÜï If I can't find anything, I will ask you about sending your message to that database.",
      "type": "text",
    },
    Object {
      "altText": "To wrap up, please finish your permission settings so that I can provide a smoother experience.",
      "contents": Object {
        "body": Object {
          "contents": Array [
            Object {
              "contents": Array [
                Object {
                  "text": "To wrap up, please finish your permission settings so that I can provide a smoother experience.",
                  "type": "span",
                },
              ],
              "flex": 0,
              "gravity": "top",
              "type": "text",
              "weight": "regular",
              "wrap": true,
            },
          ],
          "layout": "vertical",
          "margin": "none",
          "spacing": "none",
          "type": "box",
        },
        "direction": "ltr",
        "footer": Object {
          "contents": Array [
            Object {
              "action": Object {
                "label": "Setup permission",
                "type": "uri",
                "uri": "https://liff.line.me/1563196602-X6mLdDkW?p=setting&utm_source=rumors-line-bot&utm_medium=tutorial",
              },
              "color": "#ffb600",
              "style": "primary",
              "type": "button",
            },
          ],
          "layout": "horizontal",
          "type": "box",
        },
        "type": "bubble",
      },
      "quickReply": Object {
        "items": Array [
          Object {
            "action": Object {
              "data": "{\\"input\\":\\"üëå Done!\\",\\"sessionId\\":1497994017447,\\"state\\":\\"TUTORIAL\\"}",
              "displayText": "üëå Done!",
              "label": "üëå Done!",
              "type": "postback",
            },
            "type": "action",
          },
          Object {
            "action": Object {
              "data": "{\\"input\\":\\"‚è±Ô∏è Later\\",\\"sessionId\\":1497994017447,\\"state\\":\\"TUTORIAL\\"}",
              "displayText": "‚è±Ô∏è Later",
              "label": "‚è±Ô∏è Later",
              "type": "postback",
            },
            "type": "action",
          },
          Object {
            "action": Object {
              "data": "{\\"input\\":\\"‚ùì Why\\",\\"sessionId\\":1497994017447,\\"state\\":\\"TUTORIAL\\"}",
              "displayText": "‚ùì Why",
              "label": "‚ùì Why",
              "type": "postback",
            },
            "type": "action",
          },
        ],
      },
      "type": "flex",
    },
  ],
}
`;

exports[`should handle PROVIDE_PERMISSION_SETUP 1`] = `
Object {
  "data": Object {
    "searchedText": "",
    "sessionId": 1497994017447,
  },
  "replies": Array [
    Object {
      "text": "You are smart üòä",
      "type": "text",
    },
    Object {
      "altText": "To wrap up, please finish your permission settings so that I can provide a smoother experience.",
      "contents": Object {
        "body": Object {
          "contents": Array [
            Object {
              "contents": Array [
                Object {
                  "text": "To wrap up, please finish your permission settings so that I can provide a smoother experience.",
                  "type": "span",
                },
              ],
              "flex": 0,
              "gravity": "top",
              "type": "text",
              "weight": "regular",
              "wrap": true,
            },
          ],
          "layout": "vertical",
          "margin": "none",
          "spacing": "none",
          "type": "box",
        },
        "direction": "ltr",
        "footer": Object {
          "contents": Array [
            Object {
              "action": Object {
                "label": "Setup permission",
                "type": "uri",
                "uri": "https://liff.line.me/1563196602-X6mLdDkW?p=setting&utm_source=rumors-line-bot&utm_medium=tutorial",
              },
              "color": "#ffb600",
              "style": "primary",
              "type": "button",
            },
          ],
          "layout": "horizontal",
          "type": "box",
        },
        "type": "bubble",
      },
      "quickReply": Object {
        "items": Array [
          Object {
            "action": Object {
              "data": "{\\"input\\":\\"üëå Done!\\",\\"sessionId\\":1497994017447,\\"state\\":\\"TUTORIAL\\"}",
              "displayText": "üëå Done!",
              "label": "üëå Done!",
              "type": "postback",
            },
            "type": "action",
          },
          Object {
            "action": Object {
              "data": "{\\"input\\":\\"‚è±Ô∏è Later\\",\\"sessionId\\":1497994017447,\\"state\\":\\"TUTORIAL\\"}",
              "displayText": "‚è±Ô∏è Later",
              "label": "‚è±Ô∏è Later",
              "type": "postback",
            },
            "type": "action",
          },
          Object {
            "action": Object {
              "data": "{\\"input\\":\\"‚ùì Why\\",\\"sessionId\\":1497994017447,\\"state\\":\\"TUTORIAL\\"}",
              "displayText": "‚ùì Why",
              "label": "‚ùì Why",
              "type": "postback",
            },
            "type": "action",
          },
        ],
      },
      "type": "flex",
    },
  ],
}
`;

exports[`should handle PROVIDE_PERMISSION_SETUP_WITH_EXPLANATION 1`] = `
Object {
  "data": Object {
    "searchedText": "",
    "sessionId": 1497994017447,
  },
  "replies": Array [
    Object {
      "altText": "When I provide hoax-busting replies to you, I would like to ask you for any feedback on the crowd-sourced reply.
In order to achieve that, I need to ask for your permission to \\"Send messages to chats\\".
The permission will be used to send only this one message of yours back to this particular chatr‚ãØ‚ãØ",
      "contents": Object {
        "body": Object {
          "contents": Array [
            Object {
              "contents": Array [
                Object {
                  "text": "When I provide hoax-busting replies to you, I would like to ask you for any feedback on the crowd-sourced reply.
In order to achieve that, I need to ask for your permission to \\"Send messages to chats\\".
The permission will be used to send only this one message of yours back to this particular chatroom.
You can still use Cofacts without granting me this permission. When we ask for feedback from you, the permission dialog will pop-up again.",
                  "type": "span",
                },
              ],
              "flex": 0,
              "gravity": "top",
              "type": "text",
              "weight": "regular",
              "wrap": true,
            },
          ],
          "layout": "vertical",
          "margin": "none",
          "spacing": "none",
          "type": "box",
        },
        "direction": "ltr",
        "footer": Object {
          "contents": Array [
            Object {
              "action": Object {
                "label": "Setup permission",
                "type": "uri",
                "uri": "https://liff.line.me/1563196602-X6mLdDkW?p=setting&utm_source=rumors-line-bot&utm_medium=tutorial",
              },
              "color": "#ffb600",
              "style": "primary",
              "type": "button",
            },
          ],
          "layout": "horizontal",
          "type": "box",
        },
        "type": "bubble",
      },
      "quickReply": Object {
        "items": Array [
          Object {
            "action": Object {
              "data": "{\\"input\\":\\"üëå Done!\\",\\"sessionId\\":1497994017447,\\"state\\":\\"TUTORIAL\\"}",
              "displayText": "üëå Done!",
              "label": "üëå Done!",
              "type": "postback",
            },
            "type": "action",
          },
          Object {
            "action": Object {
              "data": "{\\"input\\":\\"‚è±Ô∏è Later\\",\\"sessionId\\":1497994017447,\\"state\\":\\"TUTORIAL\\"}",
              "displayText": "‚è±Ô∏è Later",
              "label": "‚è±Ô∏è Later",
              "type": "postback",
            },
            "type": "action",
          },
        ],
      },
      "type": "flex",
    },
  ],
}
`;

exports[`should handle RICH_MENU 1`] = `
Object {
  "data": Object {
    "searchedText": "",
    "sessionId": 1497994017447,
  },
  "replies": Array [
    Object {
      "altText": "1. When receiving a message from elsewhere
2. Long press and share
3. Select Cofacts to share
4. Cofacts replies with a crowd-sourced fact-check or chatbot replies",
      "contents": Object {
        "contents": Array [
          Object {
            "body": Object {
              "contents": Array [
                Object {
                  "aspectMode": "cover",
                  "aspectRatio": "1:1",
                  "gravity": "top",
                  "size": "full",
                  "type": "image",
                  "url": "https://testlinebot.cofacts/static/img/tutorial1.png?cachebust=20201105",
                },
                Object {
                  "contents": Array [
                    Object {
                      "size": "lg",
                      "text": "1. When receiving a message from elsewhere",
                      "type": "text",
                      "weight": "bold",
                      "wrap": true,
                    },
                  ],
                  "flex": 1,
                  "justifyContent": "center",
                  "layout": "vertical",
                  "offsetBottom": "0px",
                  "offsetEnd": "0px",
                  "offsetStart": "0px",
                  "paddingAll": "20px",
                  "paddingTop": "18px",
                  "position": "relative",
                  "type": "box",
                },
              ],
              "layout": "vertical",
              "paddingAll": "0px",
              "type": "box",
            },
            "type": "bubble",
          },
          Object {
            "body": Object {
              "contents": Array [
                Object {
                  "aspectMode": "cover",
                  "aspectRatio": "1:1",
                  "gravity": "top",
                  "size": "full",
                  "type": "image",
                  "url": "https://testlinebot.cofacts/static/img/tutorial2.png?cachebust=20201105",
                },
                Object {
                  "contents": Array [
                    Object {
                      "size": "lg",
                      "text": "2. Long press and share",
                      "type": "text",
                      "weight": "bold",
                      "wrap": true,
                    },
                  ],
                  "flex": 1,
                  "justifyContent": "center",
                  "layout": "vertical",
                  "offsetBottom": "0px",
                  "offsetEnd": "0px",
                  "offsetStart": "0px",
                  "paddingAll": "20px",
                  "paddingTop": "18px",
                  "position": "relative",
                  "type": "box",
                },
              ],
              "layout": "vertical",
              "paddingAll": "0px",
              "type": "box",
            },
            "type": "bubble",
          },
          Object {
            "body": Object {
              "contents": Array [
                Object {
                  "aspectMode": "cover",
                  "aspectRatio": "1:1",
                  "gravity": "top",
                  "size": "full",
                  "type": "image",
                  "url": "https://testlinebot.cofacts/static/img/tutorial3.png?cachebust=20201105",
                },
                Object {
                  "contents": Array [
                    Object {
                      "size": "lg",
                      "text": "3. Select Cofacts to share",
                      "type": "text",
                      "weight": "bold",
                      "wrap": true,
                    },
                  ],
                  "flex": 1,
                  "justifyContent": "center",
                  "layout": "vertical",
                  "offsetBottom": "0px",
                  "offsetEnd": "0px",
                  "offsetStart": "0px",
                  "paddingAll": "20px",
                  "paddingTop": "18px",
                  "position": "relative",
                  "type": "box",
                },
              ],
              "layout": "vertical",
              "paddingAll": "0px",
              "type": "box",
            },
            "type": "bubble",
          },
          Object {
            "body": Object {
              "contents": Array [
                Object {
                  "aspectMode": "cover",
                  "aspectRatio": "1:1",
                  "gravity": "top",
                  "size": "full",
                  "type": "image",
                  "url": "https://testlinebot.cofacts/static/img/tutorial4.png?cachebust=20201105",
                },
                Object {
                  "contents": Array [
                    Object {
                      "size": "lg",
                      "text": "4. Cofacts replies with a crowd-sourced fact-check or chatbot replies",
                      "type": "text",
                      "weight": "bold",
                      "wrap": true,
                    },
                  ],
                  "flex": 1,
                  "justifyContent": "center",
                  "layout": "vertical",
                  "offsetBottom": "0px",
                  "offsetEnd": "0px",
                  "offsetStart": "0px",
                  "paddingAll": "20px",
                  "paddingTop": "18px",
                  "position": "relative",
                  "type": "box",
                },
              ],
              "layout": "vertical",
              "paddingAll": "0px",
              "type": "box",
            },
            "type": "bubble",
          },
          Object {
            "body": Object {
              "contents": Array [
                Object {
                  "size": "lg",
                  "text": "Wanna try it out? Just forward a message to me!",
                  "type": "text",
                  "weight": "bold",
                  "wrap": true,
                },
              ],
              "layout": "vertical",
              "type": "box",
            },
            "footer": Object {
              "contents": Array [
                Object {
                  "action": Object {
                    "data": "{\\"input\\":\\"Simulates forwarding a message\\",\\"sessionId\\":1497994017447,\\"state\\":\\"TUTORIAL\\"}",
                    "displayText": "Âè™Ë¶ÅÊØèÂ§©Êó©‰∏ä‰∏ÄÊùØÂú∞ÁìúËëâÁâõÂ•∂„ÄÇ‰∏çÂÉÖÊúâÊïàÈôç‰Ωé‰∏âÈ´òÔºåÁîöËá≥ÈÄ£ÁóõÈ¢®‰πüÊ≤í‰∫ÜÔºõÊ≠§Â§ñÔºåÂú∞ÁìúËëâÁâõÂ•∂ÁöÑ‰ΩúÊ≥ï‰πüÂæàÁ∞°ÂñÆÔºåÂè™Ë¶ÅÂÖàÂ∞áÂú∞ÁìúËëâÂ∑ùÁáôÈÅéÂæåÔºåÂÜçÂä†ÂÖ•ÈÆÆÂ•∂ÊâìÊàêÊ±ÅÂç≥ÂèØ„ÄÇ",
                    "label": "Simulates forwarding a message",
                    "type": "postback",
                  },
                  "color": "#ffb600",
                  "style": "primary",
                  "type": "button",
                },
              ],
              "layout": "horizontal",
              "type": "box",
            },
            "type": "bubble",
          },
        ],
        "type": "carousel",
      },
      "type": "flex",
    },
  ],
}
`;

exports[`should handle SETUP_DONE 1`] = `
Object {
  "data": Object {
    "searchedText": "",
    "sessionId": 1497994017447,
  },
  "replies": Array [
    Object {
      "altText": "This is the end of the tutorial. Next time when you receive a suspicious message, don't hesitate to forward it to me! ü§ó",
      "contents": Object {
        "contents": Array [
          Object {
            "body": Object {
              "contents": Array [
                Object {
                  "aspectMode": "cover",
                  "aspectRatio": "1:1",
                  "gravity": "top",
                  "size": "full",
                  "type": "image",
                  "url": "https://testlinebot.cofacts/static/img/endoftutorial.png?cachebust=20201105",
                },
                Object {
                  "contents": Array [
                    Object {
                      "size": "lg",
                      "text": "This is the end of the tutorial. Next time when you receive a suspicious message, don't hesitate to forward it to me! ü§ó",
                      "type": "text",
                      "weight": "bold",
                      "wrap": true,
                    },
                  ],
                  "flex": 1,
                  "justifyContent": "center",
                  "layout": "vertical",
                  "offsetBottom": "0px",
                  "offsetEnd": "0px",
                  "offsetStart": "0px",
                  "paddingAll": "20px",
                  "paddingTop": "18px",
                  "position": "relative",
                  "type": "box",
                },
              ],
              "layout": "vertical",
              "paddingAll": "0px",
              "type": "box",
            },
            "type": "bubble",
          },
        ],
        "type": "carousel",
      },
      "type": "flex",
    },
  ],
}
`;

exports[`should handle SETUP_LATER 1`] = `
Object {
  "data": Object {
    "searchedText": "",
    "sessionId": 1497994017447,
  },
  "replies": Array [
    Object {
      "text": "OK. When we ask for feedback from you, the permission dialog will pop-up again.",
      "type": "text",
    },
    Object {
      "altText": "This is the end of the tutorial. Next time when you receive a suspicious message, don't hesitate to forward it to me! ü§ó",
      "contents": Object {
        "contents": Array [
          Object {
            "body": Object {
              "contents": Array [
                Object {
                  "aspectMode": "cover",
                  "aspectRatio": "1:1",
                  "gravity": "top",
                  "size": "full",
                  "type": "image",
                  "url": "https://testlinebot.cofacts/static/img/endoftutorial.png?cachebust=20201105",
                },
                Object {
                  "contents": Array [
                    Object {
                      "size": "lg",
                      "text": "This is the end of the tutorial. Next time when you receive a suspicious message, don't hesitate to forward it to me! ü§ó",
                      "type": "text",
                      "weight": "bold",
                      "wrap": true,
                    },
                  ],
                  "flex": 1,
                  "justifyContent": "center",
                  "layout": "vertical",
                  "offsetBottom": "0px",
                  "offsetEnd": "0px",
                  "offsetStart": "0px",
                  "paddingAll": "20px",
                  "paddingTop": "18px",
                  "position": "relative",
                  "type": "box",
                },
              ],
              "layout": "vertical",
              "paddingAll": "0px",
              "type": "box",
            },
            "type": "bubble",
          },
        ],
        "type": "carousel",
      },
      "type": "flex",
    },
  ],
}
`;

exports[`should handle SIMULATE_FORWARDING_MESSAGE 1`] = `
Object {
  "data": Object {
    "searchedText": "",
    "sessionId": 1497994017447,
  },
  "replies": Array [
    Object {
      "text": "üí° Someone on the internet replies to the message:",
      "type": "text",
    },
    Object {
      "text": "Âü∫Êú¨‰∏äÂú∞ÁìúËëâÂÖ∂ÂØ¶ÂñÆÂêÉÂ∞±ÊúâÊïàÊûúÔºåÁâõÂ•∂„ÄÅË±ÜÊºøÂèØÂä†ÂèØ‰∏çÂä†ÔºåÊ∞ëÁúæ‰∏çÁî®Ëø∑‰ø°„ÄÇ ‰∏âÈ´òÊàñÊòØÁ≥ñÂ∞øÁóÖÁöÑÊÇ£ËÄÖÈÇÑÊòØË¶ÅÊê≠ÈÖçÈÜ´ÁîüÁöÑÊ≤ªÁôÇÔºå‰∏çËÉΩÂñÆÈù†ÂêÉÂú∞ÁìúËëâÂ∞±ÊÉ≥Â∞áË∫´È´îË™øÈ§äÂ•ΩÔºåÊ∞ëÁúæÂçÉËê¨Ë¶ÅÊ≥®ÊÑè„ÄÇ
Âè¶Â§ñÂú∞ÁìúËëâÂÖßÈÇÑÊúâÈâÄÂíåÈàâÔºåÂ∞çÊñºÊúâÁóõÈ¢®ÊàñÊòØËÖéËáü‰∏çÂ•ΩÁöÑÊ∞ëÁúæÂèçËÄåÊúÉÈÄ†ÊàêË≤†ÊìîÔºåÂõ†Ê≠§‰∏¶‰∏çÂª∫Ë≠∞È£üÁî®„ÄÇ",
      "type": "text",
    },
    Object {
      "text": "referencesÔºöhttp://www.mygopen.com/2017/06/blog-post_26.html
Á•ûÂ•áÁöÑÂú∞ÁìúËëâÔºüÊê≠ÈÖçÈÆÆÂ•∂ÈÅ†Èõ¢‰∏âÈ´òÔºüË¨†Ë®ÄËÆìÈÜ´ÁîüË™™ÔºöÊúâÁóõÈ¢®ÊàñÊòØËÖéËáü‰∏çÂ•ΩÁöÑ‰∫∫Ë¶ÅÂ∞èÂøÉÔºÅ",
      "type": "text",
    },
    Object {
      "quickReply": Object {
        "items": Array [
          Object {
            "action": Object {
              "data": "{\\"input\\":\\"üí° Cool, I got it!\\",\\"sessionId\\":1497994017447,\\"state\\":\\"TUTORIAL\\"}",
              "displayText": "üí° Cool, I got it!",
              "label": "üí° Cool, I got it!",
              "type": "postback",
            },
            "type": "action",
          },
          Object {
            "action": Object {
              "data": "{\\"input\\":\\"ü§î What happened?\\",\\"sessionId\\":1497994017447,\\"state\\":\\"TUTORIAL\\"}",
              "displayText": "ü§î What happened?",
              "label": "ü§î What happened?",
              "type": "postback",
            },
            "type": "action",
          },
        ],
      },
      "text": "‚¨ÜÔ∏è Therefore, the author think the message contains misinformation.

üíÅ This content is provided by Cofact message reporting chatbot and crowd-sourced fact-checking community under CC BY-SA 4.0 license. Please refer to their references and make judgements on your own.


‚ÅâÔ∏è If you have different thoughts, you may have your say here:
https://dev.cofacts.tw/article/2sn80q5l5mzi0",
      "type": "text",
    },
  ],
}
`;
